Archive member included to satisfy reference by file (symbol)

d:/apps/microchip studio/7.0/toolchain/avr8/avr8-gnu-toolchain/bin/../lib/gcc/avr/5.4.0/avr5\libgcc.a(_udivmodsi4.o)
                              MCAL/TIMER.o (__udivmodsi4)
d:/apps/microchip studio/7.0/toolchain/avr8/avr8-gnu-toolchain/bin/../lib/gcc/avr/5.4.0/avr5\libgcc.a(_divmodsi4.o)
                              HALL/LCD.o (__divmodsi4)
d:/apps/microchip studio/7.0/toolchain/avr8/avr8-gnu-toolchain/bin/../lib/gcc/avr/5.4.0/avr5\libgcc.a(_negsi2.o)
                              d:/apps/microchip studio/7.0/toolchain/avr8/avr8-gnu-toolchain/bin/../lib/gcc/avr/5.4.0/avr5\libgcc.a(_divmodsi4.o) (__negsi2)
d:/apps/microchip studio/7.0/toolchain/avr8/avr8-gnu-toolchain/bin/../lib/gcc/avr/5.4.0/avr5\libgcc.a(_exit.o)
                              D:/APPs/Microchip Studio/7.0/Packs/atmel/ATmega_DFP/1.6.364/gcc/dev/atmega32/avr5/crtatmega32.o (exit)
d:/apps/microchip studio/7.0/toolchain/avr8/avr8-gnu-toolchain/bin/../lib/gcc/avr/5.4.0/avr5\libgcc.a(_clear_bss.o)
                              MCAL/TIMER.o (__do_clear_bss)
d:/apps/microchip studio/7.0/toolchain/avr8/avr8-gnu-toolchain/bin/../lib/gcc/avr/5.4.0/avr5\libgcc.a(_umulhisi3.o)
                              MCAL/TIMER.o (__umulhisi3)
d:/apps/microchip studio/7.0/toolchain/avr8/avr8-gnu-toolchain/bin/../lib/gcc/avr/5.4.0/avr5\libgcc.a(_muluhisi3.o)
                              MCAL/TIMER.o (__muluhisi3)

Discarded input sections

 .data          0x00000000        0x0 D:/APPs/Microchip Studio/7.0/Packs/atmel/ATmega_DFP/1.6.364/gcc/dev/atmega32/avr5/crtatmega32.o
 .bss           0x00000000        0x0 D:/APPs/Microchip Studio/7.0/Packs/atmel/ATmega_DFP/1.6.364/gcc/dev/atmega32/avr5/crtatmega32.o
 .text          0x00000000        0x0 APP/main.o
 .data          0x00000000        0x0 APP/main.o
 .bss           0x00000000        0x0 APP/main.o
 .text          0x00000000        0x0 HALL/DC_MOTOR.o
 .data          0x00000000        0x0 HALL/DC_MOTOR.o
 .bss           0x00000000        0x0 HALL/DC_MOTOR.o
 .text.DcMotor_SetSpeed
                0x00000000       0x12 HALL/DC_MOTOR.o
 .text.DcMotor_Start
                0x00000000        0x6 HALL/DC_MOTOR.o
 .text.DcMotor_Stop
                0x00000000       0x2a HALL/DC_MOTOR.o
 .text          0x00000000        0x0 HALL/LCD.o
 .data          0x00000000        0x0 HALL/LCD.o
 .bss           0x00000000        0x0 HALL/LCD.o
 .text.LCD_WriteCommand
                0x00000000       0xa0 HALL/LCD.o
 .text.LCD_Init
                0x00000000       0x7e HALL/LCD.o
 .text.LCD_WriteChar
                0x00000000       0xa0 HALL/LCD.o
 .text.LCD_WriteString
                0x00000000       0x26 HALL/LCD.o
 .text.LCD_GoTo
                0x00000000       0x30 HALL/LCD.o
 .text.LCD_WriteInteger
                0x00000000       0xcc HALL/LCD.o
 .debug_info    0x00000000      0x7af HALL/LCD.o
 .debug_abbrev  0x00000000      0x17a HALL/LCD.o
 .debug_loc     0x00000000      0x53c HALL/LCD.o
 .debug_aranges
                0x00000000       0x48 HALL/LCD.o
 .debug_ranges  0x00000000       0x38 HALL/LCD.o
 .debug_line    0x00000000      0x33b HALL/LCD.o
 .debug_str     0x00000000      0x281 HALL/LCD.o
 .comment       0x00000000       0x31 HALL/LCD.o
 .debug_frame   0x00000000       0xcc HALL/LCD.o
 .text          0x00000000        0x0 HALL/Servo.o
 .data          0x00000000        0x0 HALL/Servo.o
 .bss           0x00000000        0x0 HALL/Servo.o
 .text.ServoMotor_Init
                0x00000000        0x6 HALL/Servo.o
 .text.ServoMotor_Set_Degree
                0x00000000       0x2a HALL/Servo.o
 .debug_info    0x00000000      0x15f HALL/Servo.o
 .debug_abbrev  0x00000000       0xd3 HALL/Servo.o
 .debug_loc     0x00000000       0x53 HALL/Servo.o
 .debug_aranges
                0x00000000       0x28 HALL/Servo.o
 .debug_ranges  0x00000000       0x18 HALL/Servo.o
 .debug_line    0x00000000       0x9b HALL/Servo.o
 .debug_str     0x00000000      0x20e HALL/Servo.o
 .comment       0x00000000       0x31 HALL/Servo.o
 .debug_frame   0x00000000       0x34 HALL/Servo.o
 .text          0x00000000        0x0 MCAL/DIO.o
 .data          0x00000000        0x0 MCAL/DIO.o
 .bss           0x00000000        0x0 MCAL/DIO.o
 .text.DIO_SetPortDir
                0x00000000       0x20 MCAL/DIO.o
 .text.DIO_SetPortVal
                0x00000000       0x20 MCAL/DIO.o
 .text.DIO_GetPortVal
                0x00000000       0x24 MCAL/DIO.o
 .text.DIO_GetPinVal
                0x00000000       0x5c MCAL/DIO.o
 .text.DIO_TogllePin
                0x00000000       0x68 MCAL/DIO.o
 .text.DIO_SetPullUpRes
                0x00000000       0x68 MCAL/DIO.o
 .text          0x00000000        0x0 MCAL/DIO_Interface.o
 .data          0x00000000        0x0 MCAL/DIO_Interface.o
 .bss           0x00000000        0x0 MCAL/DIO_Interface.o
 .text.DIO_SET_PORT_DIR
                0x00000000       0x20 MCAL/DIO_Interface.o
 .text.DIO_SET_PIN_DIR
                0x00000000       0x80 MCAL/DIO_Interface.o
 .text.DIO_SET_PORT_VALUE
                0x00000000       0x20 MCAL/DIO_Interface.o
 .text.DIO_SET_PIN_VALUE
                0x00000000       0x80 MCAL/DIO_Interface.o
 .text.DIO_READ_PORT
                0x00000000       0x24 MCAL/DIO_Interface.o
 .text.DIO_READ_PIN
                0x00000000       0x44 MCAL/DIO_Interface.o
 .text.DIO_TOGGLE_PIN
                0x00000000       0x40 MCAL/DIO_Interface.o
 .debug_info    0x00000000      0x58c MCAL/DIO_Interface.o
 .debug_abbrev  0x00000000      0x103 MCAL/DIO_Interface.o
 .debug_loc     0x00000000      0x82f MCAL/DIO_Interface.o
 .debug_aranges
                0x00000000       0x50 MCAL/DIO_Interface.o
 .debug_ranges  0x00000000       0x40 MCAL/DIO_Interface.o
 .debug_line    0x00000000      0x270 MCAL/DIO_Interface.o
 .debug_str     0x00000000      0x216 MCAL/DIO_Interface.o
 .comment       0x00000000       0x31 MCAL/DIO_Interface.o
 .debug_frame   0x00000000       0x84 MCAL/DIO_Interface.o
 .text          0x00000000        0x0 MCAL/EXT_INTERRUPT.o
 .data          0x00000000        0x0 MCAL/EXT_INTERRUPT.o
 .bss           0x00000000        0x0 MCAL/EXT_INTERRUPT.o
 .text.INTERRUPT_ENABLE
                0x00000000        0x8 MCAL/EXT_INTERRUPT.o
 .text.EXT_INT0_INIT
                0x00000000       0x14 MCAL/EXT_INTERRUPT.o
 .text.EXT_INT1_INIT
                0x00000000       0x14 MCAL/EXT_INTERRUPT.o
 .text.EXT_INT2_INIT
                0x00000000        0x8 MCAL/EXT_INTERRUPT.o
 .debug_info    0x00000000       0xbd MCAL/EXT_INTERRUPT.o
 .debug_abbrev  0x00000000       0x37 MCAL/EXT_INTERRUPT.o
 .debug_aranges
                0x00000000       0x38 MCAL/EXT_INTERRUPT.o
 .debug_ranges  0x00000000       0x28 MCAL/EXT_INTERRUPT.o
 .debug_line    0x00000000       0xa3 MCAL/EXT_INTERRUPT.o
 .debug_str     0x00000000      0x193 MCAL/EXT_INTERRUPT.o
 .comment       0x00000000       0x31 MCAL/EXT_INTERRUPT.o
 .debug_frame   0x00000000       0x54 MCAL/EXT_INTERRUPT.o
 .text          0x00000000        0x0 MCAL/TIMER.o
 .data          0x00000000        0x0 MCAL/TIMER.o
 .bss           0x00000000        0x0 MCAL/TIMER.o
 .text.TIMER0_Init
                0x00000000        0xc MCAL/TIMER.o
 .text.TIMER0_Start
                0x00000000        0x8 MCAL/TIMER.o
 .text.TIMER0_Stop
                0x00000000        0x4 MCAL/TIMER.o
 .text.TIMER0_Delay_ms
                0x00000000       0x98 MCAL/TIMER.o
 .text.TIMER0_CTC_Init
                0x00000000       0x10 MCAL/TIMER.o
 .text.TIMER0_CTC_delay_ms
                0x00000000       0x3e MCAL/TIMER.o
 .text.TIMER0_CTC_Start
                0x00000000        0x8 MCAL/TIMER.o
 .text.TIMER0_CTC_Stop
                0x00000000        0x6 MCAL/TIMER.o
 .text.PWM0_Generate
                0x00000000       0x20 MCAL/TIMER.o
 .text.PWM0_Start
                0x00000000        0x8 MCAL/TIMER.o
 .text.PWM1_INIT
                0x00000000       0x1c MCAL/TIMER.o
 .text.PWM1_Generate
                0x00000000       0x32 MCAL/TIMER.o
 .text.PWM_Set_OCR
                0x00000000        0x6 MCAL/TIMER.o
 .text.ICU_Init
                0x00000000       0x20 MCAL/TIMER.o
 .bss.INIAL_VALUE
                0x00000000        0x4 MCAL/TIMER.o
 .bss.Number_OVF
                0x00000000        0x4 MCAL/TIMER.o
 .text          0x00000000        0x0 d:/apps/microchip studio/7.0/toolchain/avr8/avr8-gnu-toolchain/bin/../lib/gcc/avr/5.4.0/avr5\libgcc.a(_udivmodsi4.o)
 .data          0x00000000        0x0 d:/apps/microchip studio/7.0/toolchain/avr8/avr8-gnu-toolchain/bin/../lib/gcc/avr/5.4.0/avr5\libgcc.a(_udivmodsi4.o)
 .bss           0x00000000        0x0 d:/apps/microchip studio/7.0/toolchain/avr8/avr8-gnu-toolchain/bin/../lib/gcc/avr/5.4.0/avr5\libgcc.a(_udivmodsi4.o)
 .text.libgcc.mul
                0x00000000        0x0 d:/apps/microchip studio/7.0/toolchain/avr8/avr8-gnu-toolchain/bin/../lib/gcc/avr/5.4.0/avr5\libgcc.a(_udivmodsi4.o)
 .text.libgcc.div
                0x00000000       0x44 d:/apps/microchip studio/7.0/toolchain/avr8/avr8-gnu-toolchain/bin/../lib/gcc/avr/5.4.0/avr5\libgcc.a(_udivmodsi4.o)
 .text.libgcc   0x00000000        0x0 d:/apps/microchip studio/7.0/toolchain/avr8/avr8-gnu-toolchain/bin/../lib/gcc/avr/5.4.0/avr5\libgcc.a(_udivmodsi4.o)
 .text.libgcc.prologue
                0x00000000        0x0 d:/apps/microchip studio/7.0/toolchain/avr8/avr8-gnu-toolchain/bin/../lib/gcc/avr/5.4.0/avr5\libgcc.a(_udivmodsi4.o)
 .text.libgcc.builtins
                0x00000000        0x0 d:/apps/microchip studio/7.0/toolchain/avr8/avr8-gnu-toolchain/bin/../lib/gcc/avr/5.4.0/avr5\libgcc.a(_udivmodsi4.o)
 .text.libgcc.fmul
                0x00000000        0x0 d:/apps/microchip studio/7.0/toolchain/avr8/avr8-gnu-toolchain/bin/../lib/gcc/avr/5.4.0/avr5\libgcc.a(_udivmodsi4.o)
 .text.libgcc.fixed
                0x00000000        0x0 d:/apps/microchip studio/7.0/toolchain/avr8/avr8-gnu-toolchain/bin/../lib/gcc/avr/5.4.0/avr5\libgcc.a(_udivmodsi4.o)
 .text          0x00000000        0x0 d:/apps/microchip studio/7.0/toolchain/avr8/avr8-gnu-toolchain/bin/../lib/gcc/avr/5.4.0/avr5\libgcc.a(_divmodsi4.o)
 .data          0x00000000        0x0 d:/apps/microchip studio/7.0/toolchain/avr8/avr8-gnu-toolchain/bin/../lib/gcc/avr/5.4.0/avr5\libgcc.a(_divmodsi4.o)
 .bss           0x00000000        0x0 d:/apps/microchip studio/7.0/toolchain/avr8/avr8-gnu-toolchain/bin/../lib/gcc/avr/5.4.0/avr5\libgcc.a(_divmodsi4.o)
 .text.libgcc.mul
                0x00000000        0x0 d:/apps/microchip studio/7.0/toolchain/avr8/avr8-gnu-toolchain/bin/../lib/gcc/avr/5.4.0/avr5\libgcc.a(_divmodsi4.o)
 .text.libgcc.div
                0x00000000       0x2e d:/apps/microchip studio/7.0/toolchain/avr8/avr8-gnu-toolchain/bin/../lib/gcc/avr/5.4.0/avr5\libgcc.a(_divmodsi4.o)
 .text.libgcc   0x00000000        0x0 d:/apps/microchip studio/7.0/toolchain/avr8/avr8-gnu-toolchain/bin/../lib/gcc/avr/5.4.0/avr5\libgcc.a(_divmodsi4.o)
 .text.libgcc.prologue
                0x00000000        0x0 d:/apps/microchip studio/7.0/toolchain/avr8/avr8-gnu-toolchain/bin/../lib/gcc/avr/5.4.0/avr5\libgcc.a(_divmodsi4.o)
 .text.libgcc.builtins
                0x00000000        0x0 d:/apps/microchip studio/7.0/toolchain/avr8/avr8-gnu-toolchain/bin/../lib/gcc/avr/5.4.0/avr5\libgcc.a(_divmodsi4.o)
 .text.libgcc.fmul
                0x00000000        0x0 d:/apps/microchip studio/7.0/toolchain/avr8/avr8-gnu-toolchain/bin/../lib/gcc/avr/5.4.0/avr5\libgcc.a(_divmodsi4.o)
 .text.libgcc.fixed
                0x00000000        0x0 d:/apps/microchip studio/7.0/toolchain/avr8/avr8-gnu-toolchain/bin/../lib/gcc/avr/5.4.0/avr5\libgcc.a(_divmodsi4.o)
 .text          0x00000000        0x0 d:/apps/microchip studio/7.0/toolchain/avr8/avr8-gnu-toolchain/bin/../lib/gcc/avr/5.4.0/avr5\libgcc.a(_negsi2.o)
 .data          0x00000000        0x0 d:/apps/microchip studio/7.0/toolchain/avr8/avr8-gnu-toolchain/bin/../lib/gcc/avr/5.4.0/avr5\libgcc.a(_negsi2.o)
 .bss           0x00000000        0x0 d:/apps/microchip studio/7.0/toolchain/avr8/avr8-gnu-toolchain/bin/../lib/gcc/avr/5.4.0/avr5\libgcc.a(_negsi2.o)
 .text.libgcc.mul
                0x00000000        0x0 d:/apps/microchip studio/7.0/toolchain/avr8/avr8-gnu-toolchain/bin/../lib/gcc/avr/5.4.0/avr5\libgcc.a(_negsi2.o)
 .text.libgcc.div
                0x00000000       0x10 d:/apps/microchip studio/7.0/toolchain/avr8/avr8-gnu-toolchain/bin/../lib/gcc/avr/5.4.0/avr5\libgcc.a(_negsi2.o)
 .text.libgcc   0x00000000        0x0 d:/apps/microchip studio/7.0/toolchain/avr8/avr8-gnu-toolchain/bin/../lib/gcc/avr/5.4.0/avr5\libgcc.a(_negsi2.o)
 .text.libgcc.prologue
                0x00000000        0x0 d:/apps/microchip studio/7.0/toolchain/avr8/avr8-gnu-toolchain/bin/../lib/gcc/avr/5.4.0/avr5\libgcc.a(_negsi2.o)
 .text.libgcc.builtins
                0x00000000        0x0 d:/apps/microchip studio/7.0/toolchain/avr8/avr8-gnu-toolchain/bin/../lib/gcc/avr/5.4.0/avr5\libgcc.a(_negsi2.o)
 .text.libgcc.fmul
                0x00000000        0x0 d:/apps/microchip studio/7.0/toolchain/avr8/avr8-gnu-toolchain/bin/../lib/gcc/avr/5.4.0/avr5\libgcc.a(_negsi2.o)
 .text.libgcc.fixed
                0x00000000        0x0 d:/apps/microchip studio/7.0/toolchain/avr8/avr8-gnu-toolchain/bin/../lib/gcc/avr/5.4.0/avr5\libgcc.a(_negsi2.o)
 .text          0x00000000        0x0 d:/apps/microchip studio/7.0/toolchain/avr8/avr8-gnu-toolchain/bin/../lib/gcc/avr/5.4.0/avr5\libgcc.a(_exit.o)
 .data          0x00000000        0x0 d:/apps/microchip studio/7.0/toolchain/avr8/avr8-gnu-toolchain/bin/../lib/gcc/avr/5.4.0/avr5\libgcc.a(_exit.o)
 .bss           0x00000000        0x0 d:/apps/microchip studio/7.0/toolchain/avr8/avr8-gnu-toolchain/bin/../lib/gcc/avr/5.4.0/avr5\libgcc.a(_exit.o)
 .text.libgcc.mul
                0x00000000        0x0 d:/apps/microchip studio/7.0/toolchain/avr8/avr8-gnu-toolchain/bin/../lib/gcc/avr/5.4.0/avr5\libgcc.a(_exit.o)
 .text.libgcc.div
                0x00000000        0x0 d:/apps/microchip studio/7.0/toolchain/avr8/avr8-gnu-toolchain/bin/../lib/gcc/avr/5.4.0/avr5\libgcc.a(_exit.o)
 .text.libgcc   0x00000000        0x0 d:/apps/microchip studio/7.0/toolchain/avr8/avr8-gnu-toolchain/bin/../lib/gcc/avr/5.4.0/avr5\libgcc.a(_exit.o)
 .text.libgcc.prologue
                0x00000000        0x0 d:/apps/microchip studio/7.0/toolchain/avr8/avr8-gnu-toolchain/bin/../lib/gcc/avr/5.4.0/avr5\libgcc.a(_exit.o)
 .text.libgcc.builtins
                0x00000000        0x0 d:/apps/microchip studio/7.0/toolchain/avr8/avr8-gnu-toolchain/bin/../lib/gcc/avr/5.4.0/avr5\libgcc.a(_exit.o)
 .text.libgcc.fmul
                0x00000000        0x0 d:/apps/microchip studio/7.0/toolchain/avr8/avr8-gnu-toolchain/bin/../lib/gcc/avr/5.4.0/avr5\libgcc.a(_exit.o)
 .text.libgcc.fixed
                0x00000000        0x0 d:/apps/microchip studio/7.0/toolchain/avr8/avr8-gnu-toolchain/bin/../lib/gcc/avr/5.4.0/avr5\libgcc.a(_exit.o)
 .text          0x00000000        0x0 d:/apps/microchip studio/7.0/toolchain/avr8/avr8-gnu-toolchain/bin/../lib/gcc/avr/5.4.0/avr5\libgcc.a(_clear_bss.o)
 .data          0x00000000        0x0 d:/apps/microchip studio/7.0/toolchain/avr8/avr8-gnu-toolchain/bin/../lib/gcc/avr/5.4.0/avr5\libgcc.a(_clear_bss.o)
 .bss           0x00000000        0x0 d:/apps/microchip studio/7.0/toolchain/avr8/avr8-gnu-toolchain/bin/../lib/gcc/avr/5.4.0/avr5\libgcc.a(_clear_bss.o)
 .text.libgcc.mul
                0x00000000        0x0 d:/apps/microchip studio/7.0/toolchain/avr8/avr8-gnu-toolchain/bin/../lib/gcc/avr/5.4.0/avr5\libgcc.a(_clear_bss.o)
 .text.libgcc.div
                0x00000000        0x0 d:/apps/microchip studio/7.0/toolchain/avr8/avr8-gnu-toolchain/bin/../lib/gcc/avr/5.4.0/avr5\libgcc.a(_clear_bss.o)
 .text.libgcc   0x00000000        0x0 d:/apps/microchip studio/7.0/toolchain/avr8/avr8-gnu-toolchain/bin/../lib/gcc/avr/5.4.0/avr5\libgcc.a(_clear_bss.o)
 .text.libgcc.prologue
                0x00000000        0x0 d:/apps/microchip studio/7.0/toolchain/avr8/avr8-gnu-toolchain/bin/../lib/gcc/avr/5.4.0/avr5\libgcc.a(_clear_bss.o)
 .text.libgcc.builtins
                0x00000000        0x0 d:/apps/microchip studio/7.0/toolchain/avr8/avr8-gnu-toolchain/bin/../lib/gcc/avr/5.4.0/avr5\libgcc.a(_clear_bss.o)
 .text.libgcc.fmul
                0x00000000        0x0 d:/apps/microchip studio/7.0/toolchain/avr8/avr8-gnu-toolchain/bin/../lib/gcc/avr/5.4.0/avr5\libgcc.a(_clear_bss.o)
 .text.libgcc.fixed
                0x00000000        0x0 d:/apps/microchip studio/7.0/toolchain/avr8/avr8-gnu-toolchain/bin/../lib/gcc/avr/5.4.0/avr5\libgcc.a(_clear_bss.o)
 .text          0x00000000        0x0 d:/apps/microchip studio/7.0/toolchain/avr8/avr8-gnu-toolchain/bin/../lib/gcc/avr/5.4.0/avr5\libgcc.a(_umulhisi3.o)
 .data          0x00000000        0x0 d:/apps/microchip studio/7.0/toolchain/avr8/avr8-gnu-toolchain/bin/../lib/gcc/avr/5.4.0/avr5\libgcc.a(_umulhisi3.o)
 .bss           0x00000000        0x0 d:/apps/microchip studio/7.0/toolchain/avr8/avr8-gnu-toolchain/bin/../lib/gcc/avr/5.4.0/avr5\libgcc.a(_umulhisi3.o)
 .text.libgcc.div
                0x00000000        0x0 d:/apps/microchip studio/7.0/toolchain/avr8/avr8-gnu-toolchain/bin/../lib/gcc/avr/5.4.0/avr5\libgcc.a(_umulhisi3.o)
 .text.libgcc   0x00000000        0x0 d:/apps/microchip studio/7.0/toolchain/avr8/avr8-gnu-toolchain/bin/../lib/gcc/avr/5.4.0/avr5\libgcc.a(_umulhisi3.o)
 .text.libgcc.prologue
                0x00000000        0x0 d:/apps/microchip studio/7.0/toolchain/avr8/avr8-gnu-toolchain/bin/../lib/gcc/avr/5.4.0/avr5\libgcc.a(_umulhisi3.o)
 .text.libgcc.builtins
                0x00000000        0x0 d:/apps/microchip studio/7.0/toolchain/avr8/avr8-gnu-toolchain/bin/../lib/gcc/avr/5.4.0/avr5\libgcc.a(_umulhisi3.o)
 .text.libgcc.fmul
                0x00000000        0x0 d:/apps/microchip studio/7.0/toolchain/avr8/avr8-gnu-toolchain/bin/../lib/gcc/avr/5.4.0/avr5\libgcc.a(_umulhisi3.o)
 .text.libgcc.fixed
                0x00000000        0x0 d:/apps/microchip studio/7.0/toolchain/avr8/avr8-gnu-toolchain/bin/../lib/gcc/avr/5.4.0/avr5\libgcc.a(_umulhisi3.o)
 .text          0x00000000        0x0 d:/apps/microchip studio/7.0/toolchain/avr8/avr8-gnu-toolchain/bin/../lib/gcc/avr/5.4.0/avr5\libgcc.a(_muluhisi3.o)
 .data          0x00000000        0x0 d:/apps/microchip studio/7.0/toolchain/avr8/avr8-gnu-toolchain/bin/../lib/gcc/avr/5.4.0/avr5\libgcc.a(_muluhisi3.o)
 .bss           0x00000000        0x0 d:/apps/microchip studio/7.0/toolchain/avr8/avr8-gnu-toolchain/bin/../lib/gcc/avr/5.4.0/avr5\libgcc.a(_muluhisi3.o)
 .text.libgcc.div
                0x00000000        0x0 d:/apps/microchip studio/7.0/toolchain/avr8/avr8-gnu-toolchain/bin/../lib/gcc/avr/5.4.0/avr5\libgcc.a(_muluhisi3.o)
 .text.libgcc   0x00000000        0x0 d:/apps/microchip studio/7.0/toolchain/avr8/avr8-gnu-toolchain/bin/../lib/gcc/avr/5.4.0/avr5\libgcc.a(_muluhisi3.o)
 .text.libgcc.prologue
                0x00000000        0x0 d:/apps/microchip studio/7.0/toolchain/avr8/avr8-gnu-toolchain/bin/../lib/gcc/avr/5.4.0/avr5\libgcc.a(_muluhisi3.o)
 .text.libgcc.builtins
                0x00000000        0x0 d:/apps/microchip studio/7.0/toolchain/avr8/avr8-gnu-toolchain/bin/../lib/gcc/avr/5.4.0/avr5\libgcc.a(_muluhisi3.o)
 .text.libgcc.fmul
                0x00000000        0x0 d:/apps/microchip studio/7.0/toolchain/avr8/avr8-gnu-toolchain/bin/../lib/gcc/avr/5.4.0/avr5\libgcc.a(_muluhisi3.o)
 .text.libgcc.fixed
                0x00000000        0x0 d:/apps/microchip studio/7.0/toolchain/avr8/avr8-gnu-toolchain/bin/../lib/gcc/avr/5.4.0/avr5\libgcc.a(_muluhisi3.o)

Memory Configuration

Name             Origin             Length             Attributes
text             0x00000000         0x00008000         xr
data             0x00800060         0x00000800         rw !x
eeprom           0x00810000         0x00000400         rw !x
fuse             0x00820000         0x00000002         rw !x
lock             0x00830000         0x00000400         rw !x
signature        0x00840000         0x00000400         rw !x
user_signatures  0x00850000         0x00000400         rw !x
*default*        0x00000000         0xffffffff

Linker script and memory map

LOAD D:/APPs/Microchip Studio/7.0/Packs/atmel/ATmega_DFP/1.6.364/gcc/dev/atmega32/avr5/crtatmega32.o
LOAD APP/main.o
LOAD HALL/DC_MOTOR.o
LOAD HALL/LCD.o
LOAD HALL/Servo.o
LOAD MCAL/DIO.o
LOAD MCAL/DIO_Interface.o
LOAD MCAL/EXT_INTERRUPT.o
LOAD MCAL/TIMER.o
START GROUP
LOAD d:/apps/microchip studio/7.0/toolchain/avr8/avr8-gnu-toolchain/bin/../lib/gcc/avr/5.4.0/../../../../avr/lib/avr5\libm.a
END GROUP
START GROUP
LOAD d:/apps/microchip studio/7.0/toolchain/avr8/avr8-gnu-toolchain/bin/../lib/gcc/avr/5.4.0/avr5\libgcc.a
LOAD d:/apps/microchip studio/7.0/toolchain/avr8/avr8-gnu-toolchain/bin/../lib/gcc/avr/5.4.0/../../../../avr/lib/avr5\libm.a
LOAD d:/apps/microchip studio/7.0/toolchain/avr8/avr8-gnu-toolchain/bin/../lib/gcc/avr/5.4.0/../../../../avr/lib/avr5\libc.a
LOAD D:/APPs/Microchip Studio/7.0/Packs/atmel/ATmega_DFP/1.6.364/gcc/dev/atmega32/avr5\libatmega32.a
END GROUP
                0x00000000                __TEXT_REGION_ORIGIN__ = DEFINED (__TEXT_REGION_ORIGIN__)?__TEXT_REGION_ORIGIN__:0x0
                [0x00800060]                __DATA_REGION_ORIGIN__ = DEFINED (__DATA_REGION_ORIGIN__)?__DATA_REGION_ORIGIN__:0x800060
                [0x00008000]                __TEXT_REGION_LENGTH__ = DEFINED (__TEXT_REGION_LENGTH__)?__TEXT_REGION_LENGTH__:0x20000
                [0x00000800]                __DATA_REGION_LENGTH__ = DEFINED (__DATA_REGION_LENGTH__)?__DATA_REGION_LENGTH__:0xffa0
                [0x00000400]                __EEPROM_REGION_LENGTH__ = DEFINED (__EEPROM_REGION_LENGTH__)?__EEPROM_REGION_LENGTH__:0x10000
                [0x00000002]                __FUSE_REGION_LENGTH__ = DEFINED (__FUSE_REGION_LENGTH__)?__FUSE_REGION_LENGTH__:0x400
                0x00000400                __LOCK_REGION_LENGTH__ = DEFINED (__LOCK_REGION_LENGTH__)?__LOCK_REGION_LENGTH__:0x400
                0x00000400                __SIGNATURE_REGION_LENGTH__ = DEFINED (__SIGNATURE_REGION_LENGTH__)?__SIGNATURE_REGION_LENGTH__:0x400
                0x00000400                __USER_SIGNATURE_REGION_LENGTH__ = DEFINED (__USER_SIGNATURE_REGION_LENGTH__)?__USER_SIGNATURE_REGION_LENGTH__:0x400

.hash
 *(.hash)

.dynsym
 *(.dynsym)

.dynstr
 *(.dynstr)

.gnu.version
 *(.gnu.version)

.gnu.version_d
 *(.gnu.version_d)

.gnu.version_r
 *(.gnu.version_r)

.rel.init
 *(.rel.init)

.rela.init
 *(.rela.init)

.rel.text
 *(.rel.text)
 *(.rel.text.*)
 *(.rel.gnu.linkonce.t*)

.rela.text
 *(.rela.text)
 *(.rela.text.*)
 *(.rela.gnu.linkonce.t*)

.rel.fini
 *(.rel.fini)

.rela.fini
 *(.rela.fini)

.rel.rodata
 *(.rel.rodata)
 *(.rel.rodata.*)
 *(.rel.gnu.linkonce.r*)

.rela.rodata
 *(.rela.rodata)
 *(.rela.rodata.*)
 *(.rela.gnu.linkonce.r*)

.rel.data
 *(.rel.data)
 *(.rel.data.*)
 *(.rel.gnu.linkonce.d*)

.rela.data
 *(.rela.data)
 *(.rela.data.*)
 *(.rela.gnu.linkonce.d*)

.rel.ctors
 *(.rel.ctors)

.rela.ctors
 *(.rela.ctors)

.rel.dtors
 *(.rel.dtors)

.rela.dtors
 *(.rela.dtors)

.rel.got
 *(.rel.got)

.rela.got
 *(.rela.got)

.rel.bss
 *(.rel.bss)

.rela.bss
 *(.rela.bss)

.rel.plt
 *(.rel.plt)

.rela.plt
 *(.rela.plt)

.text           0x00000000      0x580
 *(.vectors)
 .vectors       0x00000000       0x54 D:/APPs/Microchip Studio/7.0/Packs/atmel/ATmega_DFP/1.6.364/gcc/dev/atmega32/avr5/crtatmega32.o
                0x00000000                __vector_default
                0x00000000                __vectors
 *(.vectors)
 *(.progmem.gcc*)
                0x00000054                . = ALIGN (0x2)
                0x00000054                __trampolines_start = .
 *(.trampolines)
 .trampolines   0x00000054        0x0 linker stubs
 *(.trampolines*)
                0x00000054                __trampolines_end = .
 *libprintf_flt.a:*(.progmem.data)
 *libc.a:*(.progmem.data)
 *(.progmem*)
                0x00000054                . = ALIGN (0x2)
 *(.jumptables)
 *(.jumptables*)
 *(.lowtext)
 *(.lowtext*)
                0x00000054                __ctors_start = .
 *(.ctors)
                0x00000054                __ctors_end = .
                0x00000054                __dtors_start = .
 *(.dtors)
                0x00000054                __dtors_end = .
 SORT(*)(.ctors)
 SORT(*)(.dtors)
 *(.init0)
 .init0         0x00000054        0x0 D:/APPs/Microchip Studio/7.0/Packs/atmel/ATmega_DFP/1.6.364/gcc/dev/atmega32/avr5/crtatmega32.o
                0x00000054                __init
 *(.init0)
 *(.init1)
 *(.init1)
 *(.init2)
 .init2         0x00000054        0xc D:/APPs/Microchip Studio/7.0/Packs/atmel/ATmega_DFP/1.6.364/gcc/dev/atmega32/avr5/crtatmega32.o
 *(.init2)
 *(.init3)
 *(.init3)
 *(.init4)
 .init4         0x00000060       0x10 d:/apps/microchip studio/7.0/toolchain/avr8/avr8-gnu-toolchain/bin/../lib/gcc/avr/5.4.0/avr5\libgcc.a(_clear_bss.o)
                0x00000060                __do_clear_bss
 *(.init4)
 *(.init5)
 *(.init5)
 *(.init6)
 *(.init6)
 *(.init7)
 *(.init7)
 *(.init8)
 *(.init8)
 *(.init9)
 .init9         0x00000070        0x8 D:/APPs/Microchip Studio/7.0/Packs/atmel/ATmega_DFP/1.6.364/gcc/dev/atmega32/avr5/crtatmega32.o
 *(.init9)
 *(.text)
 .text          0x00000078        0x4 D:/APPs/Microchip Studio/7.0/Packs/atmel/ATmega_DFP/1.6.364/gcc/dev/atmega32/avr5/crtatmega32.o
                0x00000078                __vector_1
                0x00000078                __vector_12
                0x00000078                __bad_interrupt
                0x00000078                __vector_3
                0x00000078                __vector_11
                0x00000078                __vector_13
                0x00000078                __vector_17
                0x00000078                __vector_19
                0x00000078                __vector_7
                0x00000078                __vector_5
                0x00000078                __vector_4
                0x00000078                __vector_2
                0x00000078                __vector_15
                0x00000078                __vector_8
                0x00000078                __vector_14
                0x00000078                __vector_10
                0x00000078                __vector_16
                0x00000078                __vector_18
                0x00000078                __vector_20
                0x0000007c                . = ALIGN (0x2)
 *(.text.*)
 .text.main     0x0000007c       0x66 APP/main.o
                0x0000007c                main
 .text.DcMotor_Init
                0x000000e2       0x2e HALL/DC_MOTOR.o
                0x000000e2                DcMotor_Init
 .text.DcMotor_Dir
                0x00000110       0x5e HALL/DC_MOTOR.o
                0x00000110                DcMotor_Dir
 .text.DCMotor_Turn
                0x0000016e       0x5e HALL/DC_MOTOR.o
                0x0000016e                DCMotor_Turn
 .text.DIO_SetPinDir
                0x000001cc       0xe2 MCAL/DIO.o
                0x000001cc                DIO_SetPinDir
 .text.DIO_SetPinVal
                0x000002ae       0xe2 MCAL/DIO.o
                0x000002ae                DIO_SetPinVal
 .text.PWM0_INIT
                0x00000390        0xe MCAL/TIMER.o
                0x00000390                PWM0_INIT
 .text.__vector_9
                0x0000039e       0x4a MCAL/TIMER.o
                0x0000039e                __vector_9
 .text.__vector_6
                0x000003e8      0x160 MCAL/TIMER.o
                0x000003e8                __vector_6
 .text.libgcc.mul
                0x00000548       0x1e d:/apps/microchip studio/7.0/toolchain/avr8/avr8-gnu-toolchain/bin/../lib/gcc/avr/5.4.0/avr5\libgcc.a(_umulhisi3.o)
                0x00000548                __umulhisi3
 .text.libgcc.mul
                0x00000566       0x16 d:/apps/microchip studio/7.0/toolchain/avr8/avr8-gnu-toolchain/bin/../lib/gcc/avr/5.4.0/avr5\libgcc.a(_muluhisi3.o)
                0x00000566                __muluhisi3
                0x0000057c                . = ALIGN (0x2)
 *(.fini9)
 .fini9         0x0000057c        0x0 d:/apps/microchip studio/7.0/toolchain/avr8/avr8-gnu-toolchain/bin/../lib/gcc/avr/5.4.0/avr5\libgcc.a(_exit.o)
                0x0000057c                _exit
                0x0000057c                exit
 *(.fini9)
 *(.fini8)
 *(.fini8)
 *(.fini7)
 *(.fini7)
 *(.fini6)
 *(.fini6)
 *(.fini5)
 *(.fini5)
 *(.fini4)
 *(.fini4)
 *(.fini3)
 *(.fini3)
 *(.fini2)
 *(.fini2)
 *(.fini1)
 *(.fini1)
 *(.fini0)
 .fini0         0x0000057c        0x4 d:/apps/microchip studio/7.0/toolchain/avr8/avr8-gnu-toolchain/bin/../lib/gcc/avr/5.4.0/avr5\libgcc.a(_exit.o)
 *(.fini0)
                0x00000580                _etext = .

.data           0x00800060        0x0 load address 0x00000580
                [!provide]                PROVIDE (__data_start, .)
 *(.data)
 *(.data*)
 *(.gnu.linkonce.d*)
 *(.rodata)
 *(.rodata*)
 *(.gnu.linkonce.r*)
                0x00800060                . = ALIGN (0x2)
                0x00800060                _edata = .
                [!provide]                PROVIDE (__data_end, .)

.bss            0x00800060       0x14
                0x00800060                PROVIDE (__bss_start, .)
 *(.bss)
 *(.bss*)
 .bss.ICR_COUNTER
                0x00800060        0x4 MCAL/TIMER.o
                0x00800060                ICR_COUNTER
 .bss.ICR_CAPT3
                0x00800064        0x4 MCAL/TIMER.o
                0x00800064                ICR_CAPT3
 .bss.ICR_CAPT2
                0x00800068        0x4 MCAL/TIMER.o
                0x00800068                ICR_CAPT2
 .bss.ICR_CAPT1
                0x0080006c        0x4 MCAL/TIMER.o
                0x0080006c                ICR_CAPT1
 .bss.Num_OVF1  0x00800070        0x4 MCAL/TIMER.o
                0x00800070                Num_OVF1
 *(COMMON)
                0x00800074                PROVIDE (__bss_end, .)
                0x00000580                __data_load_start = LOADADDR (.data)
                0x00000580                __data_load_end = (__data_load_start + SIZEOF (.data))

.noinit         0x00800074        0x0
                [!provide]                PROVIDE (__noinit_start, .)
 *(.noinit*)
                [!provide]                PROVIDE (__noinit_end, .)
                0x00800074                _end = .
                [!provide]                PROVIDE (__heap_start, .)

.eeprom         0x00810000        0x0
 *(.eeprom*)
                0x00810000                __eeprom_end = .

.fuse
 *(.fuse)
 *(.lfuse)
 *(.hfuse)
 *(.efuse)

.lock
 *(.lock*)

.signature
 *(.signature*)

.user_signatures
 *(.user_signatures*)

.stab
 *(.stab)

.stabstr
 *(.stabstr)

.stab.excl
 *(.stab.excl)

.stab.exclstr
 *(.stab.exclstr)

.stab.index
 *(.stab.index)

.stab.indexstr
 *(.stab.indexstr)

.comment        0x00000000       0x30
 *(.comment)
 .comment       0x00000000       0x30 APP/main.o
                                 0x31 (size before relaxing)
 .comment       0x00000030       0x31 HALL/DC_MOTOR.o
 .comment       0x00000030       0x31 MCAL/DIO.o
 .comment       0x00000030       0x31 MCAL/TIMER.o

.note.gnu.avr.deviceinfo
                0x00000000       0x3c
 .note.gnu.avr.deviceinfo
                0x00000000       0x3c D:/APPs/Microchip Studio/7.0/Packs/atmel/ATmega_DFP/1.6.364/gcc/dev/atmega32/avr5/crtatmega32.o

.note.gnu.build-id
 *(.note.gnu.build-id)

.debug
 *(.debug)

.line
 *(.line)

.debug_srcinfo
 *(.debug_srcinfo)

.debug_sfnames
 *(.debug_sfnames)

.debug_aranges  0x00000000      0x160
 *(.debug_aranges)
 .debug_aranges
                0x00000000       0x20 APP/main.o
 .debug_aranges
                0x00000020       0x48 HALL/DC_MOTOR.o
 .debug_aranges
                0x00000068       0x58 MCAL/DIO.o
 .debug_aranges
                0x000000c0       0xa0 MCAL/TIMER.o

.debug_pubnames
 *(.debug_pubnames)

.debug_info     0x00000000     0x11b5
 *(.debug_info .gnu.linkonce.wi.*)
 .debug_info    0x00000000      0x4e6 D:/APPs/Microchip Studio/7.0/Packs/atmel/ATmega_DFP/1.6.364/gcc/dev/atmega32/avr5/crtatmega32.o
 .debug_info    0x000004e6      0x278 APP/main.o
 .debug_info    0x0000075e      0x4ac HALL/DC_MOTOR.o
 .debug_info    0x00000c0a      0x25a MCAL/DIO.o
 .debug_info    0x00000e64      0x351 MCAL/TIMER.o

.debug_abbrev   0x00000000      0x871
 *(.debug_abbrev)
 .debug_abbrev  0x00000000      0x4a3 D:/APPs/Microchip Studio/7.0/Packs/atmel/ATmega_DFP/1.6.364/gcc/dev/atmega32/avr5/crtatmega32.o
 .debug_abbrev  0x000004a3      0x132 APP/main.o
 .debug_abbrev  0x000005d5       0xe2 HALL/DC_MOTOR.o
 .debug_abbrev  0x000006b7       0xd6 MCAL/DIO.o
 .debug_abbrev  0x0000078d       0xe4 MCAL/TIMER.o

.debug_line     0x00000000      0x9eb
 *(.debug_line .debug_line.* .debug_line_end)
 .debug_line    0x00000000      0x116 D:/APPs/Microchip Studio/7.0/Packs/atmel/ATmega_DFP/1.6.364/gcc/dev/atmega32/avr5/crtatmega32.o
 .debug_line    0x00000116      0x175 APP/main.o
 .debug_line    0x0000028b      0x1a2 HALL/DC_MOTOR.o
 .debug_line    0x0000042d      0x2e5 MCAL/DIO.o
 .debug_line    0x00000712      0x2d9 MCAL/TIMER.o

.debug_frame    0x00000000      0x2b8
 *(.debug_frame)
 .debug_frame   0x00000000       0x24 APP/main.o
 .debug_frame   0x00000024       0x74 HALL/DC_MOTOR.o
 .debug_frame   0x00000098       0x94 MCAL/DIO.o
 .debug_frame   0x0000012c      0x18c MCAL/TIMER.o

.debug_str      0x00000000      0x608
 *(.debug_str)
 .debug_str     0x00000000      0x196 D:/APPs/Microchip Studio/7.0/Packs/atmel/ATmega_DFP/1.6.364/gcc/dev/atmega32/avr5/crtatmega32.o
 .debug_str     0x00000196      0x1dc APP/main.o
                                0x21f (size before relaxing)
 .debug_str     0x00000372       0xb1 HALL/DC_MOTOR.o
                                0x279 (size before relaxing)
 .debug_str     0x00000423       0x6d MCAL/DIO.o
                                0x1cf (size before relaxing)
 .debug_str     0x00000490      0x178 MCAL/TIMER.o
                                0x311 (size before relaxing)

.debug_loc      0x00000000      0x832
 *(.debug_loc)
 .debug_loc     0x00000000       0xd8 APP/main.o
 .debug_loc     0x000000d8       0xb8 HALL/DC_MOTOR.o
 .debug_loc     0x00000190      0x478 MCAL/DIO.o
 .debug_loc     0x00000608      0x22a MCAL/TIMER.o

.debug_macinfo
 *(.debug_macinfo)

.debug_weaknames
 *(.debug_weaknames)

.debug_funcnames
 *(.debug_funcnames)

.debug_typenames
 *(.debug_typenames)

.debug_varnames
 *(.debug_varnames)

.debug_pubtypes
 *(.debug_pubtypes)

.debug_ranges   0x00000000      0x120
 *(.debug_ranges)
 .debug_ranges  0x00000000       0x10 APP/main.o
 .debug_ranges  0x00000010       0x38 HALL/DC_MOTOR.o
 .debug_ranges  0x00000048       0x48 MCAL/DIO.o
 .debug_ranges  0x00000090       0x90 MCAL/TIMER.o

.debug_macro
 *(.debug_macro)
OUTPUT(AutonomousCar.elf elf32-avr)
LOAD linker stubs
